---
source: tests/snapshots.rs
---
version: "HIPBNYYYYYYYYYYYYYYYYYYYYYYYYYYYYYYYYYYYYY/4/%%%/4/'%**4YYY///"
new_symbols:
  - NS_DESC_
  - CM_
  - BA_DEF_
  - BA_
  - VAL_
  - CAT_DEF_
  - CAT_
  - FILTER
  - BA_DEF_DEF_
  - EV_DATA_
  - ENVVAR_DATA_
  - SGTYPE_
  - SGTYPE_VAL_
  - BA_DEF_SGTYPE_
  - BA_SGTYPE_
  - SIG_TYPE_REF_
  - VAL_TABLE_
  - SIG_GROUP_
  - SIG_VALTYPE_
  - SIGTYPE_VALTYPE_
bit_timing:
  value: ~
nodes:
  - Node0
value_tables: ~
messages:
  - header:
      id: 1024
      name: Message0
      size: 8
      transmitter: Node0
    signals:
      - name: FooSignal
        multiplexer: ~
        start_bit: 0
        size: 2
        byte_order: LittleEndian
        value_type: Unsigned
        factor: 1
        offset: 0
        min: 0
        max: 0
        unit: ""
        receivers:
          - Vector__XXX
      - name: BarSignal
        multiplexer: ~
        start_bit: 2
        size: 3
        byte_order: LittleEndian
        value_type: Unsigned
        factor: 1
        offset: 0
        min: 0
        max: 0
        unit: ""
        receivers:
          - Vector__XXX
env_vars: []
env_vars_data: []
comments: []
attribute_definitions: []
attribute_defaults: []
attribute_values: []
signal_value_descriptions:
  - message_id: 1024
    signal_name: FooSignal
    value_descriptions:
      values:
        - num: 0
          str: FOO_A
        - num: 1
          str: FOO_B
        - num: 2
          str: FOO_C
        - num: 3
          str: FOO_D
  - message_id: 1024
    signal_name: BarSignal
    value_descriptions:
      values:
        - num: 0
          str: BAR_A
        - num: 1
          str: BAR_B
        - num: 2
          str: BAR_C
        - num: 3
          str: BAR_D
        - num: 4
          str: BAR_E
        - num: 5
          str: BAR_F
        - num: 6
          str: BAR_G
        - num: 7
          str: BAR_H
env_var_value_descriptions: []
