---
source: tests/snapshots.rs
---
version: ""
new_symbols:
  - NS_DESC_
  - CM_
  - BA_DEF_
  - BA_
  - VAL_
  - CAT_DEF_
  - CAT_
  - FILTER
  - BA_DEF_DEF_
  - EV_DATA_
  - ENVVAR_DATA_
  - SGTYPE_
  - SGTYPE_VAL_
  - BA_DEF_SGTYPE_
  - BA_SGTYPE_
  - SIG_TYPE_REF_
  - VAL_TABLE_
  - SIG_GROUP_
  - SIG_VALTYPE_
  - SIGTYPE_VALTYPE_
  - BO_TX_BU_
  - BA_DEF_REL_
  - BA_REL_
  - BA_DEF_DEF_REL_
  - BU_SG_REL_
  - BU_EV_REL_
  - BU_BO_REL_
  - SG_MUL_VAL_
bit_timing:
  value: ~
nodes: []
value_tables: ~
messages:
  - header:
      id: 2566687742
      name: AFT1PSI2
      size: 8
      transmitter: Vector__XXX
    signals:
      - name: HtrRes
        multiplexer: ~
        start_bit: 40
        size: 16
        byte_order: LittleEndian
        value_type: Unsigned
        factor: 0.1
        offset: 0
        min: 0
        max: 6425.5
        unit: ohm
        receivers:
          - Vector__XXX
      - name: MaxRes
        multiplexer: ~
        start_bit: 32
        size: 16
        byte_order: LittleEndian
        value_type: Unsigned
        factor: 250
        offset: 0
        min: 0
        max: 62500
        unit: kohm
        receivers:
          - Vector__XXX
      - name: Temp
        multiplexer: ~
        start_bit: 16
        size: 16
        byte_order: LittleEndian
        value_type: Unsigned
        factor: 0.03125
        offset: -273
        min: -273
        max: 1734.96875
        unit: ï¿½C
        receivers:
          - Vector__XXX
      - name: RegenFailedCount
        multiplexer: ~
        start_bit: 8
        size: 8
        byte_order: LittleEndian
        value_type: Unsigned
        factor: 1
        offset: 0
        min: 0
        max: 250
        unit: ""
        receivers:
          - Vector__XXX
      - name: PwrSupply
        multiplexer: ~
        start_bit: 4
        size: 2
        byte_order: LittleEndian
        value_type: Unsigned
        factor: 1
        offset: 0
        min: 0
        max: 3
        unit: ""
        receivers:
          - Vector__XXX
      - name: DetectionStatus
        multiplexer: ~
        start_bit: 0
        size: 4
        byte_order: LittleEndian
        value_type: Unsigned
        factor: 1
        offset: 0
        min: 0
        max: 15
        unit: ""
        receivers:
          - Vector__XXX
env_vars: []
env_vars_data: []
comments: []
attribute_definitions: []
attribute_defaults: []
attribute_values: []
signal_value_descriptions: []
env_var_value_descriptions: []
